[2026-10-01 16:56:27] INFO - check_env - ==================================================
[2026-10-01 16:56:27] INFO - check_env -      ENVIRONMENT & DEPENDENCY DIAGNOSTIC CHECK    
[2026-10-01 16:56:27] INFO - check_env - ==================================================
[2026-10-01 16:56:27] INFO - check_env - ✓ Python Version Check: Python 3.12.14 (OK)
[2026-10-01 16:56:27] INFO - check_env - Checking pinned package versions...
[2026-10-01 16:56:29] INFO - check_env - Package                   | Installed       | Expected        | Status    
[2026-10-01 16:56:29] INFO - check_env - --------------------------------------------------------------------------
[2026-10-01 16:56:29] INFO - check_env - numpy                     | 1.26.4          | 1.26.4          | OK        
[2026-10-01 16:56:29] INFO - check_env - scipy                     | 1.13.1          | 1.13.1          | OK        
[2026-10-01 16:56:29] INFO - check_env - sklearn                   | 1.5.2           | 1.5.2           | OK        
[2026-10-01 16:56:29] INFO - check_env - pandas                    | 2.2.3           | 2.2.3           | OK        
[2026-10-01 16:56:29] INFO - check_env - matplotlib                | 3.9.2           | 3.9.2           | OK        
[2026-10-01 16:56:29] INFO - check_env - torch                     | 2.2.2           | 2.2.2           | OK        
[2026-10-01 16:56:29] INFO - check_env - transformers              | 4.44.2          | 4.44.2          | OK        
[2026-10-01 16:56:29] INFO - check_env - sentence_transformers     | 3.1.1           | 3.1.1           | OK        
[2026-10-01 16:56:29] INFO - check_env - huggingface_hub           | 0.25.2          | 0.25.2          | OK        
[2026-10-01 16:56:29] INFO - check_env - ✓ Raw dataset verified at /Users/ahmad/Documents/VS Code/AI-ML-Projects/sentiment-classifier/data/Tweets.csv (3.26 MB)
[2026-10-01 16:56:29] INFO - check_env - Checking NLTK resources...
[2026-10-01 16:56:29] INFO - check_env - ✓ NLTK resource 'stopwords' ready.
[2026-10-01 16:56:29] INFO - check_env - ✓ NLTK resource 'wordnet' ready.
[2026-10-01 16:56:29] INFO - check_env - ✓ NLTK resource 'omw-1.4' ready.
[2026-10-01 16:56:29] INFO - check_env - ✓ NLTK resource 'punkt' ready.
[2026-10-01 16:56:29] INFO - check_env - ✓ NLTK resource 'punkt_tab' ready.
[2026-10-01 16:56:29] INFO - check_env - ✓ NLTK resource 'averaged_perceptron_tagger_eng' ready.
[2026-10-01 16:56:29] INFO - check_env - Testing SentenceTransformer embedding model loading (sentence-transformers/all-MiniLM-L6-v2)...
[2026-10-01 16:56:39] INFO - check_env - ✓ Embedding model verified! Vector output shape: (384,) (384-dim)
[2026-10-01 16:56:39] INFO - check_env - ✓ PyTorch CPU tensor execution verified on device: cpu
[2026-10-01 16:56:39] INFO - check_env - ==================================================
[2026-10-01 16:56:39] INFO - check_env - ✓ ALL ENVIRONMENT DIAGNOSTIC CHECKS PASSED (GREEN)
[2026-10-01 17:08:29] INFO - data_loader - Loading raw dataset from /Users/ahmad/Documents/VS Code/AI-ML-Projects/sentiment-classifier/data/Tweets.csv...
[2026-10-01 17:08:29] INFO - data_loader - Successfully loaded raw CSV with 14640 rows and 15 columns.
[2026-10-01 17:08:30] INFO - sentiment_classifier - Saved JSON data to /Users/ahmad/Documents/VS Code/AI-ML-Projects/sentiment-classifier/results/metrics/data_validation_report.json
[2026-10-01 17:08:30] INFO - data_loader - Validation report saved to /Users/ahmad/Documents/VS Code/AI-ML-Projects/sentiment-classifier/results/metrics/data_validation_report.json
[2026-10-01 17:08:30] INFO - data_loader - Starting structural cleaning pipeline on 14640 raw rows...
[2026-10-01 17:08:30] INFO - data_loader - Step (a) - Missing/empty text or label removed: 0 rows
[2026-10-01 17:08:30] INFO - data_loader - Step (b) - Duplicate tweet_ids removed: 155 rows
[2026-10-01 17:08:30] INFO - data_loader - Step (c) - Duplicate texts removed: 66 rows (22 conflicting label rows, 44 exact duplicate rows)
[2026-10-01 17:08:30] INFO - data_loader - Step (d) - Invalid sentiment labels removed: 0 rows
[2026-10-01 17:08:30] INFO - data_loader - Step (e) - Low confidence (<0.0) removed: 0 rows
[2026-10-01 17:08:30] INFO - data_loader - Reconciliation Success: 14640 raw rows - 221 removed = 14419 final validated rows.
[2026-10-01 17:08:30] INFO - data_loader - Saved validated dataset (14419 rows) to /Users/ahmad/Documents/VS Code/AI-ML-Projects/sentiment-classifier/data/processed/tweets_validated.csv
[2026-10-01 17:08:30] INFO - data_loader - 
=== PHASE 1 DATASET SUMMARY TABLE ===
[2026-10-01 17:08:30] INFO - data_loader - Raw Dataset Rows:       14640
[2026-10-01 17:08:30] INFO - data_loader - Total Rows Removed:     221
[2026-10-01 17:08:30] INFO - data_loader - Validated Dataset Rows: 14419
[2026-10-01 17:08:30] INFO - data_loader - 
--- Final Class Distribution ---
[2026-10-01 17:08:30] INFO - data_loader - 
          Count  Percentage (%)
label                          
negative   9080           62.97
neutral    3054           21.18
positive   2285           15.85
[2026-10-01 17:08:50] INFO - data_loader - Validated dataset already exists at /Users/ahmad/Documents/VS Code/AI-ML-Projects/sentiment-classifier/data/processed/tweets_validated.csv. Use --force to reprocess.
[2026-10-01 17:10:34] INFO - data_loader - Loading raw dataset from /Users/ahmad/Documents/VS Code/AI-ML-Projects/sentiment-classifier/data/Tweets.csv...
[2026-10-01 17:10:34] INFO - data_loader - Successfully loaded raw CSV with 14640 rows and 15 columns.
[2026-10-01 17:10:34] INFO - sentiment_classifier - Saved JSON data to /Users/ahmad/Documents/VS Code/AI-ML-Projects/sentiment-classifier/results/metrics/data_validation_report.json
[2026-10-01 17:10:34] INFO - data_loader - Validation report saved to /Users/ahmad/Documents/VS Code/AI-ML-Projects/sentiment-classifier/results/metrics/data_validation_report.json
[2026-10-01 17:10:34] INFO - data_loader - Starting structural cleaning pipeline on 14640 raw rows...
[2026-10-01 17:10:35] INFO - data_loader - Step (a) - Missing/empty text or label removed: 0 rows
[2026-10-01 17:10:35] INFO - data_loader - Step (b) - Duplicate tweet_ids removed: 155 rows
[2026-10-01 17:10:35] INFO - data_loader - Step (c) - Duplicate texts removed: 66 rows (22 conflicting label rows, 44 exact duplicate rows)
[2026-10-01 17:10:35] INFO - data_loader - Step (d) - Invalid sentiment labels removed: 0 rows
[2026-10-01 17:10:35] INFO - data_loader - Step (e) - Low confidence (<0.0) removed: 0 rows
[2026-10-01 17:10:35] INFO - data_loader - Reconciliation Success: 14640 raw rows - 221 removed = 14419 final validated rows.
[2026-10-01 17:10:35] INFO - data_loader - Saved validated dataset (14419 rows) to /Users/ahmad/Documents/VS Code/AI-ML-Projects/sentiment-classifier/data/processed/tweets_validated.csv
[2026-10-01 17:10:35] INFO - data_loader - 
=== PHASE 1 DATASET SUMMARY TABLE ===
[2026-10-01 17:10:35] INFO - data_loader - Raw Dataset Rows:       14640
[2026-10-01 17:10:35] INFO - data_loader - Total Rows Removed:     221
[2026-10-01 17:10:35] INFO - data_loader - Validated Dataset Rows: 14419
[2026-10-01 17:10:35] INFO - data_loader - 
--- Final Class Distribution ---
[2026-10-01 17:10:35] INFO - data_loader - 
          Count  Percentage (%)
label                          
negative   9080           62.97
neutral    3054           21.18
positive   2285           15.85
[2026-10-01 17:11:12] INFO - data_loader - Validated dataset already exists at /Users/ahmad/Documents/VS Code/AI-ML-Projects/sentiment-classifier/data/processed/tweets_validated.csv. Use --force to reprocess.
